d:\aamduwccc\project\c++\testmfc\chatappwindowmessage\mfcapplication2\mfcapplication2\x64\debug\mfcapplication2.pch
d:\aamduwccc\project\c++\testmfc\chatappwindowmessage\mfcapplication2\mfcapplication2\x64\debug\vc145.pdb
d:\aamduwccc\project\c++\testmfc\chatappwindowmessage\mfcapplication2\mfcapplication2\x64\debug\vc145.idb
d:\aamduwccc\project\c++\testmfc\chatappwindowmessage\mfcapplication2\mfcapplication2\x64\debug\pch.obj
d:\aamduwccc\project\c++\testmfc\chatappwindowmessage\mfcapplication2\mfcapplication2\x64\debug\signindlg.obj
d:\aamduwccc\project\c++\testmfc\chatappwindowmessage\mfcapplication2\mfcapplication2\x64\debug\mfcapplication2dlg.obj
d:\aamduwccc\project\c++\testmfc\chatappwindowmessage\mfcapplication2\mfcapplication2\x64\debug\mfcapplication2.obj
d:\aamduwccc\project\c++\testmfc\chatappwindowmessage\mfcapplication2\mfcapplication2\x64\debug\logindlg.obj
d:\aamduwccc\project\c++\testmfc\chatappwindowmessage\mfcapplication2\mfcapplication2\x64\debug\databasemanager.obj
d:\aamduwccc\project\c++\testmfc\chatappwindowmessage\mfcapplication2\mfcapplication2\x64\debug\sqlite3.obj
d:\aamduwccc\project\c++\testmfc\chatappwindowmessage\mfcapplication2\x64\debug\mfcapplication2.exe
d:\aamduwccc\project\c++\testmfc\chatappwindowmessage\mfcapplication2\x64\debug\mfcapplication2.pdb
d:\aamduwccc\project\c++\testmfc\chatappwindowmessage\mfcapplication2\mfcapplication2\x64\debug\mfcapplication2.res
d:\aamduwccc\project\c++\testmfc\chatappwindowmessage\mfcapplication2\mfcapplication2\x64\debug\mfcapplication2.ilk
d:\aamduwccc\project\c++\testmfc\chatappwindowmessage\mfcapplication2\mfcapplication2\x64\debug\mfcapplication2.tlog\cl.command.1.tlog
d:\aamduwccc\project\c++\testmfc\chatappwindowmessage\mfcapplication2\mfcapplication2\x64\debug\mfcapplication2.tlog\cl.items.tlog
d:\aamduwccc\project\c++\testmfc\chatappwindowmessage\mfcapplication2\mfcapplication2\x64\debug\mfcapplication2.tlog\cl.read.1.tlog
d:\aamduwccc\project\c++\testmfc\chatappwindowmessage\mfcapplication2\mfcapplication2\x64\debug\mfcapplication2.tlog\cl.write.1.tlog
d:\aamduwccc\project\c++\testmfc\chatappwindowmessage\mfcapplication2\mfcapplication2\x64\debug\mfcapplication2.tlog\link.command.1.tlog
d:\aamduwccc\project\c++\testmfc\chatappwindowmessage\mfcapplication2\mfcapplication2\x64\debug\mfcapplication2.tlog\link.read.1.tlog
d:\aamduwccc\project\c++\testmfc\chatappwindowmessage\mfcapplication2\mfcapplication2\x64\debug\mfcapplication2.tlog\link.secondary.1.tlog
d:\aamduwccc\project\c++\testmfc\chatappwindowmessage\mfcapplication2\mfcapplication2\x64\debug\mfcapplication2.tlog\link.write.1.tlog
d:\aamduwccc\project\c++\testmfc\chatappwindowmessage\mfcapplication2\mfcapplication2\x64\debug\mfcapplication2.tlog\rc.command.1.tlog
d:\aamduwccc\project\c++\testmfc\chatappwindowmessage\mfcapplication2\mfcapplication2\x64\debug\mfcapplication2.tlog\rc.read.1.tlog
d:\aamduwccc\project\c++\testmfc\chatappwindowmessage\mfcapplication2\mfcapplication2\x64\debug\mfcapplication2.tlog\rc.write.1.tlog
